L'argument -x est pr√©sent plus d'une fois.
./analog [-x] [-t HEURE] [-g FICHIERGRAPH] FICHIERLOG
