/temps/style_emploi_du_temps.css (2 hits)
/favicon.ico (2 hits)
/temps/4IF15.html (1 hits)
