Il manque l'argument apr√®s -t.
./analog [-x] [-t HEURE] [-g FICHIERGRAPH] FICHIERLOG
