L'argument de l'option -t n'est pas un entier.
./analog [-x] [-t HEURE] [-g FICHIERGRAPH] FICHIERLOG
