/temps/style_emploi_du_temps.css (1 hits)
/temps/4IF19.html (1 hits)
/temps/4IF18.html (1 hits)
/temps/4IF17.html (1 hits)
/temps/4IF16.html (1 hits)
/temps/4IF15.html (1 hits)
