L'argument de l'option -t n'est pas compris entre 0 et 23.
./analog [-x] [-t HEURE] [-g FICHIERGRAPH] FICHIERLOG
