L'argument de l'option -g doit avoir l'extension .dot.
./analog FICHIERLOG [-g FICHIERGRAPH] [-t HEURE] [-l NBLIENS=10] [-x] [-i] [-s] [-o]
