L'extension du fichier de log apache est invalide.
./analog [-x] [-t HEURE] [-g FICHIERGRAPH] FICHIERLOG
