L'argument de l'option -g doit avoir l'extension .dot.
./analog [-x] [-t HEURE] [-g FICHIERGRAPH] FICHIERLOG
