Le nom du fichier log apache est trop court.
./analog [-x] [-t HEURE] [-g FICHIERGRAPH] FICHIERLOG
