ERREUR : Constructeur : Ouverture du fichier impossible.
