Fichier de log apache manquant.
./analog [-x] [-t HEURE] [-g FICHIERGRAPH] FICHIERLOG
