Plus d'un fichier de log apache a été détecté.
./analog [-x] [-t HEURE] [-g FICHIERGRAPH] FICHIERLOG
