L'argument de l'option -t n'est pas compris entre 0 et 23.
./analog FICHIERLOG [-g FICHIERGRAPH] [-t HEURE] [-l NBLIENS=10] [-x] [-i] [-s] [-o]
