Fichier de log apache manquant.
./analog FICHIERLOG [-g FICHIERGRAPH] [-t HEURE] [-l NBLIENS=10] [-x] [-i] [-s] [-o]
