L'option a besoin d'un nom apr√®s le tiret.
./analog FICHIERLOG [-g FICHIERGRAPH] [-t HEURE] [-l NBLIENS=10] [-x] [-i] [-s] [-o]
