L'argument de l'option -t n'est pas un entier.
./analog FICHIERLOG [-g FICHIERGRAPH] [-t HEURE] [-l NBLIENS=10] [-x] [-i] [-s] [-o]
